// Vitest Snapshot v1, https://vitest.dev/guide/snapshot.html

exports[`App.vue > Should render the App 1`] = `
"<div class="w-full max-w-[1180px] min-h-dvh px-4 py-8 mx-auto flex flex-col items-center justify-center" data-testid="app">
  <router-view-stub></router-view-stub>
</div>"
`;
